PRAGMA journal_mode = WAL
--- Testando Resultados Look Goi├ís ---
[1] Executando scraper para look-goias...
[GigaBichoScraper] Iniciando varredura...
[GigaBichoScraper] Loterias encontradas para processar: 1
[GigaBichoScraper] look-goias: Encontrados 34 headers.
[Scraper Debug] Header: "Sorteio 7h20" -> 07:20. Linhas: 2
[Scraper Debug] Header: "Sorteio 9h20" -> 09:20. Linhas: 2
[Scraper Debug] Header: "Sorteio 11h20" -> 11:20. Linhas: 2
[Scraper Debug] Header: "Sorteio 14h20" -> 14:20. Linhas: 2
[Scraper Debug] Header: "Sorteio 16h20" -> 16:20. Linhas: 2
[Scraper Debug] Header: "Sorteio 18h20" -> 18:20. Linhas: 2
[Scraper Debug] Header: "Sorteio 21h20" -> 21:20. Linhas: 2
[Scraper Debug] Header: "Sorteio 23h20" -> 23:20. Linhas: 2
[Scraper Debug] Header: "Sorteio 7h20" -> 07:20. Linhas: 2
[Scraper Debug] Header: "Sorteio 9h20" -> 09:20. Linhas: 2
[Scraper Debug] Header: "Sorteio 11h20" -> 11:20. Linhas: 2
[Scraper Debug] Header: "Sorteio 14h20" -> 14:20. Linhas: 2
[Scraper Debug] Header: "Sorteio 16h20" -> 16:20. Linhas: 2
[Scraper Debug] Header: "Sorteio 18h20" -> 18:20. Linhas: 2
[Scraper Debug] Header: "Sorteio 21h20" -> 21:20. Linhas: 2
[Scraper Debug] Header: "Sorteio 23h20" -> 23:20. Linhas: 2
[GigaBichoScraper] Varredura finalizada.
[2] Consultando banco de dados para a data de hoje...

        SELECT r.horario, p.posicao, p.milhar, p.bicho
        FROM resultados r
        JOIN premios p ON r.id = p.resultado_id
        WHERE r.loterica_slug = 'look-goias' AND r.data = '2026-02-02'
        ORDER BY r.horario ASC, p.posicao ASC
    
Nenhum resultado encontrado para hoje no banco de dados.

--- Teste Finalizado ---
